https://github.com/rhboot/efibootmgr/archive/18/efibootmgr-18.tar.gz
https://github.com/rhboot/efivar/releases/download/38/efivar-38.tar.bz2
https://downloads.sourceforge.net/freetype/freetype-2.13.0.tar.xz
https://downloads.sourceforge.net/freetype/freetype-doc-2.13.0.tar.xz
https://github.com/libarchive/libarchive/releases/download/v3.6.2/libarchive-3.6.2.tar.xz
https://github.com/silnrsi/graphite/releases/download/1.3.14/graphite2-1.3.14.tgz
https://github.com/harfbuzz/harfbuzz/releases/download/7.0.0/harfbuzz-7.0.0.tar.xz
https://downloads.sourceforge.net/libpng/libpng-1.6.39.tar.xz
https://downloads.sourceforge.net/sourceforge/libpng-apng/libpng-1.6.39-apng.patch.gz
https://mandoc.bsd.lv/snapshots/mandoc-1.14.6.tar.gz
http://ftp.rpm.org/popt/releases/popt-1.x/popt-1.19.tar.gz
https://unifoundry.com/pub/unifont/unifont-15.0.01/font-builds/unifont-15.0.01.pcf.gz
https://ftp.gnu.org/gnu/which/which-2.21.tar.gz
https://www.kernel.org/pub/software/utils/pciutils/pciutils-3.7.0.tar.xz
https://github.com/NetworkConfiguration/dhcpcd/releases/download/v10.0.1/dhcpcd-10.0.1.tar.xz
https://downloads.sourceforge.net/acpid2/acpid-2.0.34.tar.xz
https://curl.haxx.se/download/curl-7.76.0.tar.xz
https://github.com/djlucas/make-ca/releases/download/v1.7/make-ca-1.7.tar.xz
https://ftp.gnu.org/gnu/libtasn1/libtasn1-4.16.0.tar.gz
https://github.com/p11-glue/p11-kit/releases/download/0.23.22/p11-kit-0.23.22.tar.xz
http://fcron.free.fr/archives/fcron-3.2.1.src.tar.gz
https://www.x.org/pub/individual/lib/libxcvt-0.1.2.tar.xz
https://www.x.org/pub/individual/lib/xtrans-1.4.0.tar.bz2
https://www.x.org/pub/individual/lib/libX11-1.8.4.tar.xz
https://www.x.org/pub/individual/lib/libXext-1.3.5.tar.xz
https://www.x.org/pub/individual/lib/libFS-1.0.9.tar.xz
https://www.x.org/pub/individual/lib/libICE-1.1.1.tar.xz
https://www.x.org/pub/individual/lib/libSM-1.2.4.tar.xz
https://www.x.org/pub/individual/lib/libXScrnSaver-1.2.4.tar.xz
https://www.x.org/pub/individual/lib/libXt-1.3.0.tar.xz
https://www.x.org/pub/individual/lib/libXmu-1.1.4.tar.xz
https://www.x.org/pub/individual/lib/libXpm-3.5.16.tar.xz
https://www.x.org/pub/individual/lib/libXaw-1.0.15.tar.xz
https://www.x.org/pub/individual/lib/libXfixes-6.0.1.tar.xz
https://www.x.org/pub/individual/lib/libXcomposite-0.4.6.tar.xz
https://www.x.org/pub/individual/lib/libXrender-0.9.11.tar.xz
https://www.x.org/pub/individual/lib/libXcursor-1.2.1.tar.xz
https://www.x.org/pub/individual/lib/libXdamage-1.1.6.tar.xz
https://www.x.org/pub/individual/lib/libfontenc-1.1.7.tar.xz
https://www.x.org/pub/individual/lib/libXfont2-2.0.6.tar.xz
https://www.x.org/pub/individual/lib/libXft-2.3.8.tar.xz
https://www.x.org/pub/individual/lib/libXi-1.8.tar.bz2
https://www.x.org/pub/individual/lib/libXinerama-1.1.5.tar.xz
https://www.x.org/pub/individual/lib/libXrandr-1.5.3.tar.xz
https://www.x.org/pub/individual/lib/libXres-1.2.2.tar.xz
https://www.x.org/pub/individual/lib/libXtst-1.2.4.tar.xz
https://www.x.org/pub/individual/lib/libXv-1.0.12.tar.xz
https://www.x.org/pub/individual/lib/libXvMC-1.0.13.tar.xz
https://www.x.org/pub/individual/lib/libXxf86dga-1.1.6.tar.xz
https://www.x.org/pub/individual/lib/libXxf86vm-1.1.5.tar.xz
https://www.x.org/pub/individual/lib/libdmx-1.1.4.tar.bz2
https://www.x.org/pub/individual/lib/libpciaccess-0.17.tar.xz
https://www.x.org/pub/individual/lib/libxkbfile-1.1.2.tar.xz
https://www.x.org/pub/individual/lib/libxshmfence-1.3.2.tar.xz
https://www.freedesktop.org/software/fontconfig/release/fontconfig-2.14.2.tar.xz
https://xorg.freedesktop.org/archive/individual/proto/xcb-proto-1.15.2.tar.xz
https://www.x.org/pub/individual/util/util-macros-1.20.0.tar.xz
https://xorg.freedesktop.org/archive/individual/proto/xorgproto-2022.2.tar.xz
https://www.x.org/pub/individual/lib/libXdmcp-1.1.4.tar.xz
https://www.x.org/pub/individual/lib/libXau-1.0.11.tar.xz
https://xorg.freedesktop.org/archive/individual/lib/libxcb-1.15.tar.xz
https://dri.freedesktop.org/libdrm/libdrm-2.4.115.tar.xz
https://files.pythonhosted.org/packages/source/M/MarkupSafe/MarkupSafe-2.1.2.tar.gz
https://files.pythonhosted.org/packages/source/M/Mako/Mako-1.2.4.tar.gz
https://dist.libuv.org/dist/v1.44.2/libuv-v1.44.2.tar.gz
https://cmake.org/files/v3.26/cmake-3.26.3.tar.gz
https://github.com/llvm/llvm-project/releases/download/llvmorg-15.0.7/llvm-15.0.7.src.tar.xz
https://anduin.linuxfromscratch.org/BLFS/llvm/llvm-cmake-15.0.7.src.tar.xz
https://github.com/llvm/llvm-project/releases/download/llvmorg-15.0.7/clang-15.0.7.src.tar.xz
https://www.linuxfromscratch.org/patches/blfs/11.3/clang-15.0.7-enable_default_ssp-1.patch
https://www.linuxfromscratch.org/patches/blfs/svn/mesa-add_xdemos-2.patch
https://mesa.freedesktop.org/archive/mesa-23.0.3.tar.xz
https://www.x.org/pub/individual/data/xbitmaps-1.1.3.tar.xz
https://xcb.freedesktop.org/dist/xcb-util-0.4.1.tar.xz
https://xcb.freedesktop.org/dist/xcb-util-image-0.4.1.tar.xz
https://xcb.freedesktop.org/dist/xcb-util-keysyms-0.4.1.tar.xz
https://xcb.freedesktop.org/dist/xcb-util-renderutil-0.3.10.tar.xz
https://xcb.freedesktop.org/dist/xcb-util-wm-0.4.2.tar.xz
https://xcb.freedesktop.org/dist/xcb-util-cursor-0.1.4.tar.xz
https://www.x.org/pub/individual/app/iceauth-1.0.9.tar.xz
https://www.x.org/pub/individual/app/luit-1.1.1.tar.bz2
https://www.x.org/pub/individual/app/mkfontscale-1.2.2.tar.xz
https://www.x.org/pub/individual/app/sessreg-1.1.3.tar.xz
https://www.x.org/pub/individual/app/setxkbmap-1.3.3.tar.xz
https://www.x.org/pub/individual/app/smproxy-1.0.7.tar.xz
https://www.x.org/pub/individual/app/x11perf-1.6.1.tar.bz2
https://www.x.org/pub/individual/app/xauth-1.1.2.tar.xz
https://www.x.org/pub/individual/app/xbacklight-1.2.3.tar.bz2
https://www.x.org/pub/individual/app/xcmsdb-1.0.6.tar.xz
https://www.x.org/pub/individual/app/xcursorgen-1.0.8.tar.xz
https://www.x.org/pub/individual/app/xdpyinfo-1.3.3.tar.xz
https://www.x.org/pub/individual/app/xdriinfo-1.0.7.tar.xz
https://www.x.org/pub/individual/app/xev-1.2.5.tar.xz
https://www.x.org/pub/individual/app/xgamma-1.0.7.tar.xz
https://www.x.org/pub/individual/app/xhost-1.0.9.tar.xz
https://www.x.org/pub/individual/app/xinput-1.6.3.tar.bz2
https://www.x.org/pub/individual/app/xkbcomp-1.4.6.tar.xz
https://www.x.org/pub/individual/app/xkbevd-1.1.5.tar.xz
https://www.x.org/pub/individual/app/xkbutils-1.0.5.tar.xz
https://www.x.org/pub/individual/app/xkill-1.0.6.tar.xz
https://www.x.org/pub/individual/app/xlsatoms-1.1.4.tar.xz
https://www.x.org/pub/individual/app/xlsclients-1.1.5.tar.xz
https://www.x.org/pub/individual/app/xmessage-1.0.6.tar.xz
https://www.x.org/pub/individual/app/xmodmap-1.0.11.tar.xz
https://www.x.org/pub/individual/app/xpr-1.1.0.tar.xz
https://www.x.org/pub/individual/app/xprop-1.2.6.tar.xz
https://www.x.org/pub/individual/app/xrandr-1.5.2.tar.xz
https://www.x.org/pub/individual/app/xrdb-1.2.1.tar.bz2
https://www.x.org/pub/individual/app/xrefresh-1.0.7.tar.xz
https://www.x.org/pub/individual/app/xset-1.2.5.tar.xz
https://www.x.org/pub/individual/app/xsetroot-1.1.3.tar.xz
https://www.x.org/pub/individual/app/xvinfo-1.1.5.tar.xz
https://www.x.org/pub/individual/app/xwd-1.0.8.tar.bz2
https://www.x.org/pub/individual/app/xwininfo-1.1.6.tar.xz
https://www.x.org/pub/individual/app/xwud-1.0.6.tar.xz
https://www.x.org/pub/individual/data/xcursor-themes-1.0.7.tar.xz
https://www.x.org/pub/individual/font/font-util-1.4.0.tar.xz
https://www.x.org/pub/individual/font/encodings-1.0.7.tar.xz
https://www.x.org/pub/individual/font/font-alias-1.0.5.tar.xz
https://www.x.org/pub/individual/font/font-adobe-utopia-type1-1.0.5.tar.xz
https://www.x.org/pub/individual/font/font-bh-ttf-1.0.4.tar.xz
https://www.x.org/pub/individual/font/font-bh-type1-1.0.4.tar.xz
https://www.x.org/pub/individual/font/font-ibm-type1-1.0.4.tar.xz
https://www.x.org/pub/individual/font/font-misc-ethiopic-1.0.5.tar.xz
https://www.x.org/pub/individual/font/font-xfree86-type1-1.0.5.tar.xz
https://www.cairographics.org/releases/pixman-0.42.2.tar.gz
https://www.x.org/pub/individual/data/xkeyboard-config/xkeyboard-config-2.38.tar.xz
https://downloads.sourceforge.net/libtirpc/libtirpc-1.3.3.tar.bz2
https://download.gnome.org/sources/libepoxy/1.5/libepoxy-1.5.10.tar.xz
https://www.x.org/pub/individual/xserver/xorg-server-21.1.8.tar.xz
https://www.x.org/pub/individual/app/twm-1.0.12.tar.xz
https://invisible-mirror.net/archives/xterm/xterm-379.tgz
https://www.x.org/pub/individual/app/xinit-1.4.2.tar.xz
https://www.freedesktop.org/software/libevdev/libevdev-1.13.0.tar.xz
https://bitmath.org/code/mtdev/mtdev-1.1.6.tar.bz2
https://gitlab.freedesktop.org/libinput/libinput/-/archive/1.22.1/libinput-1.22.1.tar.gz
https://www.x.org/pub/individual/driver/xf86-input-libinput-1.2.1.tar.xz
https://downloads.sourceforge.net/gptfdisk/gptfdisk-1.0.9.tar.gz
https://www.linuxfromscratch.org/patches/blfs/svn/gptfdisk-1.0.9-convenience-1.patch
https://www.freedesktop.org/software/startup-notification/releases/startup-notification-0.12.tar.gz
https://download.gnome.org/sources/libxml2/2.10/libxml2-2.10.3.tar.xz
https://xkbcommon.org/download/libxkbcommon-1.5.0.tar.xz
https://www.kernel.org/pub/software/scm/git/git-2.39.2.tar.xz
https://github.com/PCRE2Project/pcre2/releases/download/pcre2-10.42/pcre2-10.42.tar.bz2
https://download.gnome.org/sources/cairo/1.17/cairo-1.17.6.tar.xz
https://download.gnome.org/sources/librsvg/2.56/librsvg-2.56.0.tar.xz
https://github.com/fribidi/fribidi/releases/download/v1.0.12/fribidi-1.0.12.tar.xz
https://download.gnome.org/sources/pango/1.50/pango-1.50.14.tar.xz
https://download.gnome.org/sources/libxslt/1.1/libxslt-1.1.37.tar.xz
https://download.gnome.org/sources/glib/2.76/glib-2.76.2.tar.xz
https://duktape.org/duktape-2.7.0.tar.xz
https://dbus.freedesktop.org/releases/dbus/dbus-1.14.6.tar.xz
https://gitlab.freedesktop.org/polkit/polkit/-/archive/122/polkit-122.tar.gz
https://github.com/linux-pam/linux-pam/releases/download/v1.5.2/Linux-PAM-1.5.2.tar.xz
https://github.com/elogind/elogind/archive/v246.10/elogind-246.10.tar.gz
https://www.alsa-project.org/files/pub/lib/alsa-lib-1.2.8.tar.bz2
https://github.com/libsndfile/libsndfile/releases/download/1.2.0/libsndfile-1.2.0.tar.xz
https://www.freedesktop.org/software/pulseaudio/releases/pulseaudio-16.1.tar.xz
https://github.com/thom311/libnl/releases/download/libnl3_7_0/libnl-3.7.0.tar.gz
https://www.linuxfromscratch.org/patches/blfs/11.3/libssh2-1.10.0-upstream_fix-1.patch
https://www.libssh2.org/download/libssh2-1.10.0.tar.gz
https://static.rust-lang.org/dist/rustc-1.69.0-src.tar.xz
https://github.com/eqrion/cbindgen/archive/v0.24.3/cbindgen-0.24.3.tar.gz
https://dbus.freedesktop.org/releases/dbus-glib/dbus-glib-0.112.tar.gz
https://downloads.sourceforge.net/libjpeg-turbo/libjpeg-turbo-2.1.5.1.tar.gz
https://gitlab.freedesktop.org/xdg/shared-mime-info/-/archive/2.2/shared-mime-info-2.2.tar.gz
https://download.gnome.org/sources/gobject-introspection/1.76/gobject-introspection-1.76.1.tar.xz
https://download.gnome.org/sources/gsettings-desktop-schemas/44/gsettings-desktop-schemas-44.0.tar.xz
https://download.gnome.org/sources/at-spi2-core/2.48/at-spi2-core-2.48.0.tar.xz
https://download.gnome.org/sources/gdk-pixbuf/2.42/gdk-pixbuf-2.42.10.tar.xz
https://download.gnome.org/sources/gtk+/3.24/gtk+-3.24.37.tar.xz
https://download.gnome.org/sources/adwaita-icon-theme/44/adwaita-icon-theme-44.0.tar.xz
https://downloads.xiph.org/releases/ogg/libogg-1.3.5.tar.xz
https://downloads.xiph.org/releases/vorbis/libvorbis-1.3.7.tar.xz
https://www.linuxfromscratch.org/patches/blfs/svn/libcanberra-0.30-wayland-1.patch
https://0pointer.de/lennart/projects/libcanberra/libcanberra-0.30.tar.xz
https://download.gnome.org/sources/notification-daemon/3.20/notification-daemon-3.20.0.tar.xz
https://download.gnome.org/sources/libnotify/0.8/libnotify-0.8.2.tar.xz
https://c-ares.haxx.se/download/c-ares-1.19.0.tar.gz
https://github.com/unicode-org/icu/releases/download/release-73-1/icu4c-73_1-src.tgz
https://github.com/nghttp2/nghttp2/releases/download/v1.52.0/nghttp2-1.52.0.tar.xz
https://nodejs.org/dist/v18.16.0/node-v18.16.0.tar.xz
https://sqlite.org/2023/sqlite-autoconf-3410200.tar.gz
https://www.linuxfromscratch.org/patches/blfs/svn/unzip-6.0-consolidated_fixes-1.patch
https://downloads.sourceforge.net/infozip/unzip60.tar.gz
https://www.tortall.net/projects/yasm/releases/yasm-1.3.0.tar.gz
https://archive.mozilla.org/pub/nspr/releases/v4.35/src/nspr-4.35.tar.gz
https://github.com/libevent/libevent/releases/download/release-2.1.12-stable/libevent-2.1.12-stable.tar.gz
https://github.com/webmproject/libvpx/archive/v1.13.0/libvpx-1.13.0.tar.gz
http://downloads.webmproject.org/releases/webp/libwebp-1.3.0.tar.gz
https://www.linuxfromscratch.org/patches/blfs/svn/libwebp-1.3.0-upstream_fix-1.patch
https://www.nasm.us/pub/nasm/releasebuilds/2.16.01/nasm-2.16.01.tar.xz
https://archive.mozilla.org/pub/security/nss/releases/NSS_3_89_1_RTM/src/nss-3.89.1.tar.gz
https://archive.mozilla.org/pub/firefox/releases/102.11.0esr/source/firefox-102.11.0esr.source.tar.xz
https://sourceware.org/ftp/docbook-tools/new-trials/SOURCES/sgml-common-0.6.3.tgz
https://www.linuxfromscratch.org/patches/blfs/11.3/sgml-common-0.6.3-manpage-1.patch
https://www.docbook.org/xml/4.5/docbook-xml-4.5.zip
https://github.com/docbook/xslt10-stylesheets/releases/download/release/1.79.2/docbook-xsl-nons-1.79.2.tar.bz2
https://www.linuxfromscratch.org/patches/blfs/11.3/docbook-xsl-nons-1.79.2-stack_fix-1.patch
https://releases.pagure.org/xmlto/xmlto-0.0.28.tar.bz2
https://invisible-mirror.net/archives/lynx/tarballs/lynx2.8.9rel.1.tar.bz2
https://www.linuxfromscratch.org/patches/blfs/11.3/lynx-2.8.9rel.1-security_fix-1.patch
https://portland.freedesktop.org/download/xdg-utils-1.1.3.tar.gz
https://www.freedesktop.org/software/desktop-file-utils/releases/desktop-file-utils-0.26.tar.xz
https://sourceforge.net/projects/giflib/files/giflib-5.2.1.tar.gz
https://downloads.sourceforge.net/enlightenment/imlib2-1.11.1.tar.xz
https://feh.finalrewind.org/feh-3.10.tar.bz2
